00:00 +0: loading D:/developments/projects/flutter projects/multazim/test/features/analytics/domain/entities/daily_summary_test.dart
00:00 +0: D:/developments/projects/flutter projects/multazim/test/features/analytics/domain/entities/daily_summary_test.dart: DailySummary calculates totalMissed correctly
00:00 +1: D:/developments/projects/flutter projects/multazim/test/features/analytics/domain/entities/daily_summary_test.dart: DailySummary calculates totalMissed correctly
00:00 +2: D:/developments/projects/flutter projects/multazim/test/features/analytics/domain/entities/habit_test.dart: Habit.isScheduledOn returns false for date before startDate
00:00 +3: D:/developments/projects/flutter projects/multazim/test/features/analytics/domain/entities/habit_test.dart: Habit.isScheduledOn returns false for date before startDate
00:00 +4: D:/developments/projects/flutter projects/multazim/test/features/analytics/domain/entities/daily_summary_test.dart: DailySummary isPerfectDay returns false if totalScheduled is 0
00:00 +5: D:/developments/projects/flutter projects/multazim/test/features/analytics/domain/entities/habit_test.dart: Habit.isScheduledOn returns false for date after endDate
00:00 +6: D:/developments/projects/flutter projects/multazim/test/features/analytics/domain/entities/habit_test.dart: Habit.isScheduledOn returns true for CustomDays matching weekday
00:00 +7: D:/developments/projects/flutter projects/multazim/test/widget_test.dart: App smoke test
00:00 +8: All tests passed!
